[files.twoplayergames.org/files/games/other/HeadSoccer2Player/index.html]
[backblue.gif]
[fade.gif]
[index.html]
[files.twoplayergames.org/files/games/other/HeadSoccer2Player/TemplateData/favicon.ico]
[files.twoplayergames.org/files/games/other/HeadSoccer2Player/TemplateData/style.css]
[files.twoplayergames.org/files/games/other/HeadSoccer2Player/TemplateData/UnityProgress.javascript]
[files.twoplayergames.org/files/games/other/HeadSoccer2Player/TemplateData/responsive.javascript]
[files.twoplayergames.org/files/games/other/HeadSoccer2Player/index.html]
[files.twoplayergames.org/files/games/other/HeadSoccer2Player/Build/UnityLoader.js]
[files.twoplayergames.org/files/games/other/HeadSoccer2Player/TemplateData/progressLogo.Light.png]
[files.twoplayergames.org/files/games/other/HeadSoccer2Player/TemplateData/progressEmpty.Light.png]
[files.twoplayergames.org/files/games/other/HeadSoccer2Player/TemplateData/progressFull.Light.png]
[files.twoplayergames.org/files/games/other/HeadSoccer2Player/TemplateData/progressLogo.Dark.png]
[files.twoplayergames.org/files/games/other/HeadSoccer2Player/TemplateData/progressEmpty.Dark.png]
[files.twoplayergames.org/files/games/other/HeadSoccer2Player/TemplateData/progressFull.Dark.png]
[files.twoplayergames.org/files/games/other/HeadSoccer2Player/TemplateData/webgl-logo.png]
[files.twoplayergames.org/files/games/other/HeadSoccer2Player/TemplateData/fullscreen.png]
[files.twoplayergames.org/files/games/other/HeadSoccer2Player/TemplateData/style.css]
